// Jest Snapshot v1, https://goo.gl/fbAQLP

exports[`ReleaseInfoCard should match snapshot 1`] = `
<DocumentFragment>
  <div
    class="release-info-card text-center card"
  >
    <div
      class="card-header"
    >
      Release Info
    </div>
    <div
      class="card-body"
    >
      <div
        class="info-group row"
      >
        <div
          class="info-group__label col-md-4"
        >
          Name:
        </div>
        <div
          class="info-group__info col-md-8"
        >
          Wazzaaaap
        </div>
      </div>
      <div
        class="info-group row"
      >
        <div
          class="info-group__label col-md-4"
        >
          Name:
        </div>
        <div
          class="info-group__info col-md-8"
        >
          Wazzaaaap
        </div>
      </div>
      <div
        class="info-group row"
      >
        <div
          class="info-group__label col-md-4"
        >
          Name:
        </div>
        <div
          class="info-group__info col-md-8"
        >
          Wazzaaaap
        </div>
      </div>
      <div
        class="info-group row"
      >
        <div
          class="info-group__label col-md-4"
        >
          Name:
        </div>
        <div
          class="info-group__info col-md-8"
        >
          Wazzaaaap
        </div>
      </div>
    </div>
  </div>
</DocumentFragment>
`;
