// Jest Snapshot v1, https://goo.gl/fbAQLP

exports[`renders correctly 1`] = `
<DocumentFragment>
  <div
    class="App"
  >
    <nav
      class="top-navbar navbar navbar-expand navbar-light bg-white sticky-top"
      data-testid="header"
    >
      <div
        class="container-fluid"
      >
        <a
          class="navbar-brand"
          data-testid="navbar-brand"
          href="/home"
        >
          <img
            alt="now logo"
            class="d-inline-block brand-logo"
            src="Now_Logo.png"
            width="130px"
          />
          XTV Release Dashboard
        </a>
        <div
          class="login-info"
          data-testid="login-info"
        >
          <div
            class="profile-info"
          >
            <img
              alt="user profile picture"
              class="user-profile-picture"
              src="https://i.natgeofe.com/n/95140430-92fc-49df-a453-c91743348f93/87132_square.jpg"
            />
            <span
              class="navbar-text"
            >
              Hi 
              <a
                href="#login"
              >
                John Smithy
              </a>
            </span>
          </div>
          <button
            class="btn btn-primary"
            data-testid="sign-in-out-button"
            type="button"
          >
            Sign out
          </button>
        </div>
      </div>
    </nav>
    <div
      class="secondary-header container-fluid"
    >
      <p
        class="no-p-margin"
      >
        Current Live XTV App version is: 
        <b
          data-testid="app-version-number"
        >
          7.8.8
        </b>
         rolled out to 100% of users
      </p>
      <button
        class="btn btn-primary btn-sm"
        data-testid="view-info"
        type="button"
      >
        View Info
      </button>
      <button
        class="btn btn-primary btn-sm"
        data-testid="roll-back"
        type="button"
      >
        <a
          class="nav-link"
          href="/rollback/tv_release_1.5"
        >
          Roll Back
        </a>
      </button>
      <button
        class="btn btn-primary btn-sm"
        data-testid="new-release"
        type="button"
      >
        <a
          class="nav-link"
          href="/new-release"
        >
          Start New Release
        </a>
      </button>
    </div>
    <div
      class="flex-column side-navbar bg-white nav nav-pills"
      data-testid="side-navbar"
    >
      <a
        class="nav-link"
        data-testid="home-nav"
        href="/home"
      >
        Home
      </a>
      <a
        class="nav-link"
        data-testid="new-release-nav"
        href="/new-release"
      >
        New Release
      </a>
      <a
        class="nav-link"
        data-testid="about-nav"
        href="/about"
      >
        About
      </a>
    </div>
    <div
      class="page container-fluid"
    />
  </div>
</DocumentFragment>
`;
