// Jest Snapshot v1, https://goo.gl/fbAQLP

exports[`InfoGroup should match snapshot 1`] = `
<DocumentFragment>
  <div
    class="info-group row"
  >
    <div
      class="info-group__label col-md-4"
    >
      Name:
    </div>
    <div
      class="info-group__info col-md-8"
    >
      Wazzaaaap
    </div>
  </div>
</DocumentFragment>
`;
